[xion.progressionstudios.com/index.html]
[149397400.v2.pressablecdn.com/wp-content/cache/fvm/min/1667405651-css01f9812085c2572d49f054240bf2cab2ba6c437124db8a6f04535b452413c.css]
[149397400.v2.pressablecdn.com/wp-content/cache/fvm/min/1667405651-cssc262635f4184c2ea58c67c72d197b991db938f215109432ba6a90268de40e.css]
[149397400.v2.pressablecdn.com/wp-content/cache/fvm/min/1667405651-css25305ef2abc27e31621e4b9759bda83499478601c337327a73a4ae6494430.css]
[149397400.v2.pressablecdn.com/wp-content/cache/fvm/min/1667405651-css582b037251c835c018228e981164aeee4c71622d5bf05b65cb7a52b22cab4.css]
[149397400.v2.pressablecdn.com/wp-content/cache/fvm/min/1667405651-css06c8f724dbd5e66daebc8e0b7c6ab1dd9db7d14d1e93b155912561759cf35.css]
[149397400.v2.pressablecdn.com/wp-content/cache/fvm/min/1667405651-cssf5e7d6b59b40b3d79a93c2d222b184ce8aa799b606b71f9cc69021175362f.css]
[149397400.v2.pressablecdn.com/wp-content/cache/fvm/min/1667405651-css1083659eb446c1ba8fc0fb939f600fe3bef44f97d4825a08c2b420e79a779.css]
[149397400.v2.pressablecdn.com/wp-content/cache/fvm/min/1667405651-css13860e0addb4b2c2a81d302845db305893d4ab28b713933e4a65bc3e55077.css]
[149397400.v2.pressablecdn.com/wp-content/cache/fvm/min/1667405651-css8cc8c95caea4c4f20f26bbdb09fe6aa5d4e6988245f0a202aac2e47ecec58.css]
[149397400.v2.pressablecdn.com/wp-content/cache/fvm/min/1667405651-css139e979bbaaba7687f6a85e4ec924927cf2dcd881e1875178ba8ace5a34db.css]
[149397400.v2.pressablecdn.com/wp-content/cache/fvm/min/1667405651-cssa9f38674cc1afc9ba582cda8d3ff6be0d3d3790abb9024de8cf3072ba9335.css]
[149397400.v2.pressablecdn.com/wp-content/cache/fvm/min/1667405651-cssd4eb8a650e33bb7c2dd0e50f288246521a26b9838f7675e0a1169acce7195.css]
[149397400.v2.pressablecdn.com/wp-content/cache/fvm/min/1667405651-css9515bb946defc30dcb0b4675d944aea60affc5169ae916b1f276e72a60973.css]
[149397400.v2.pressablecdn.com/wp-content/cache/fvm/min/1667405651-cssb6bd3ecaeb141d8d7486551e32b7880708d43e0813e4814d66ef73ee2e3e5.css]
[149397400.v2.pressablecdn.com/wp-content/cache/fvm/min/1667405651-cssa27d4c60add1b9948fea6e614b640da50fffa9f685f946ecd5a826a314ef8.css]
[149397400.v2.pressablecdn.com/wp-content/cache/fvm/min/1667405651-css581b6b5ab9cb8edd55d6c08a5836a4501ad99d48f6a692259b2bcfbb1b6e4.css]
[149397400.v2.pressablecdn.com/wp-content/cache/fvm/min/1667405651-css42561299928f8401f320564d5314f16d434f8e8b7915db017cdd648af4273.css]
[149397400.v2.pressablecdn.com/wp-content/cache/fvm/min/1667405651-css8781ff89a5b3a44c4d5a50d56cf8f2254a43dd9cdde22d9be747fe24f7ec0.css]
[149397400.v2.pressablecdn.com/wp-content/cache/fvm/min/1667405651-csscc44f3813f507f77780056acfdd5b95dec79d19cf5f9d55b0c36e15032b10.css]
[149397400.v2.pressablecdn.com/wp-content/cache/fvm/min/1667405651-css49bb7af9dd1802cab76dcc9408e7661b36284c628efeb9adb9538f77f7d62.css]
[149397400.v2.pressablecdn.com/wp-content/cache/fvm/min/1667405651-css6f1605f46443fd2f81045b07e975e05d7595bcc1f68bc6a50778e86d1aecd.css]
[149397400.v2.pressablecdn.com/wp-content/cache/fvm/min/1667405651-csse638ac4385e0d80e439dd0fdc2814b7784c14b868573b8d73ff32e6021c21.css]
[149397400.v2.pressablecdn.com/wp-content/cache/fvm/min/1667405651-cssc0ede24310f0d6bace906c210bf2f2e0eb518ae7a8b55dcc93e1b11748288.css]
[149397400.v2.pressablecdn.com/wp-content/cache/fvm/min/1667405651-css665717989b2071990af7cccd2fdcadc92e3098b59c3c5a23a0db23d48c00d.css]
[149397400.v2.pressablecdn.com/wp-content/cache/fvm/min/1667405651-css2f716854d27b62b232eafe5afd0869a137c16e32e39340a9c5bb6541ec5f0.css]
[149397400.v2.pressablecdn.com/wp-content/cache/fvm/min/1667405651-csscd60e97e3941c1172753a652e2099504523b42af0caf4384fd9ba5ef1e79f.css]
[backblue.gif]
[fade.gif]
[index.html]
[149397400.v2.pressablecdn.com/wp-content/cache/fvm/min/1667405651-css26ea3141126332fa3838930ef80a467772447d99ef851eaf5d446d53a419c.css]
[149397400.v2.pressablecdn.com/wp-content/uploads/2020/01/page-title-default.jpg]
[149397400.v2.pressablecdn.com/wp-includes/js/jquery/jquery.min5aed.js]
[xion.progressionstudios.com/feed/index.html]
[149397400.v2.pressablecdn.com/wp-includes/js/jquery/jquery-migrate.min6b00.js]
[xion.progressionstudios.com/comments/feed/index.html]
[149397400.v2.pressablecdn.com/wp-content/plugins/wp-user-avatar/assets/flatpickr/flatpickr.min5b31.js]
[149397400.v2.pressablecdn.com/wp-content/plugins/wp-user-avatar/assets/select2/select2.min5b31.js]
[149397400.v2.pressablecdn.com/wp-content/themes/xion-progression/images/logo.png]
[149397400.v2.pressablecdn.com/wp-content/uploads/2020/01/hizir-kaya-0q90Mumo-xE-unsplash-1-800x500.jpg]
[149397400.v2.pressablecdn.com/wp-content/uploads/2020/01/spencer-davis-hHgg0Xcwodc-unsplash-800x500.jpg]
[xion.progressionstudios.com/our-games/index.html]
[xion.progressionstudios.com/our-studio/index.html]
[xion.progressionstudios.com/shop/index.html]
[149397400.v2.pressablecdn.com/wp-content/uploads/2020/01/star-gazer-800x500.jpg]
[xion.progressionstudios.com/my-account/index.html]
[xion.progressionstudios.com/home-v2/index.html]
[xion.progressionstudios.com/cart/index.html]
[149397400.v2.pressablecdn.com/wp-content/uploads/2020/01/sergey-nikolaev-w9hXuaV6gvs-unsplash-800x500.jpg]
[xion.progressionstudios.com/blog/index.html]
[xion.progressionstudios.com/contact/index.html]
[xion.progressionstudios.com/title/rainbow-seven/index.html]
[xion.progressionstudios.com/portfolio-category/fps/index.html]
[149397400.v2.pressablecdn.com/wp-content/uploads/2020/01/arun-clarke-UDEb05r0Uy8-unsplash-800x500.jpg]
[xion.progressionstudios.com/portfolio-category/adventure/index.html]
[xion.progressionstudios.com/title/racing-series-3/index.html]
[xion.progressionstudios.com/title/stargazer-ii/index.html]
[149397400.v2.pressablecdn.com/wp-content/uploads/2020/01/rodrigo-rodriguez-x7bbQIY6H04-unsplash-800x500.jpg]
[xion.progressionstudios.com/title/lost-ark/index.html]
[xion.progressionstudios.com/title/jungle-pharaoh/index.html]
[xion.progressionstudios.com/portfolio-category/platformer/index.html]
[149397400.v2.pressablecdn.com/wp-content/uploads/2020/01/Home-Icon-1.png]
[xion.progressionstudios.com/portfolio-category/rpg/index.html]
[149397400.v2.pressablecdn.com/wp-content/uploads/2020/01/Home-Icon-2.png]
[xion.progressionstudios.com/title/world-war-v/index.html]
[xion.progressionstudios.com/page/2/index.html]
[149397400.v2.pressablecdn.com/wp-content/uploads/2020/01/Home-Icon-3.png]
[149397400.v2.pressablecdn.com/wp-content/uploads/2020/01/logo-footer.png]
[149397400.v2.pressablecdn.com/wp-content/plugins/contact-form-7/includes/swv/js/index77e1.js]
[149397400.v2.pressablecdn.com/wp-content/plugins/contact-form-7/includes/js/index77e1.js]
[149397400.v2.pressablecdn.com/wp-content/plugins/woocommerce/assets/js/jquery-blockui/jquery.blockUI.mineded.js]
[149397400.v2.pressablecdn.com/wp-content/plugins/woocommerce/assets/js/frontend/add-to-cart.minf0a0.js]
[149397400.v2.pressablecdn.com/wp-content/plugins/woocommerce/assets/js/js-cookie/js.cookie.min59b6.js]
[149397400.v2.pressablecdn.com/wp-content/plugins/woocommerce/assets/js/frontend/woocommerce.minf0a0.js]
[149397400.v2.pressablecdn.com/wp-content/plugins/woocommerce/assets/js/frontend/cart-fragments.minf0a0.js]
[149397400.v2.pressablecdn.com/wp-content/plugins/wp-user-avatar/assets/js/frontend.min5b31.js]
[149397400.v2.pressablecdn.com/wp-content/themes/xion-progression/js/navigation11a8.js]
[xion.progressionstudios.com/title/jim-brimstone/index.html]
[149397400.v2.pressablecdn.com/wp-content/themes/xion-progression/js/fitvids11a8.js]
[149397400.v2.pressablecdn.com/wp-content/themes/xion-progression/js/scrolltofixed11a8.js]
[xion.progressionstudios.com/title/rogue-shooter/index.html]
[149397400.v2.pressablecdn.com/wp-content/themes/xion-progression/js/scripts11a8.js]
[149397400.v2.pressablecdn.com/wp-content/plugins/boosted-elements-progression/assets/js/flexslider5152.js]
[149397400.v2.pressablecdn.com/wp-content/plugins/boosted-elements-progression/assets/js/video-backgrounds5152.js]
[xion.progressionstudios.com/shopping-cart/index.html]
[149397400.v2.pressablecdn.com/wp-content/plugins/boosted-elements-progression/assets/js/prettyPhoto5152.js]
[149397400.v2.pressablecdn.com/wp-content/plugins/boosted-elements-progression/assets/js/jquery.matchHeight-min5152.js]
[149397400.v2.pressablecdn.com/wp-content/plugins/boosted-elements-progression/assets/js/masonry5152.js]
[149397400.v2.pressablecdn.com/wp-content/plugins/mailchimp-for-wp/assets/js/formse0ed.js]
[149397400.v2.pressablecdn.com/wp-content/plugins/elementor/assets/js/webpack.runtime.min9e95.js]
[149397400.v2.pressablecdn.com/wp-content/plugins/elementor/assets/js/frontend-modules.min9e95.js]
[149397400.v2.pressablecdn.com/wp-content/plugins/elementor/assets/lib/waypoints/waypoints.min05da.js]
[149397400.v2.pressablecdn.com/wp-includes/js/jquery/ui/core.min3f14.js]
[149397400.v2.pressablecdn.com/wp-content/plugins/elementor/assets/lib/swiper/swiper.min48f5.js]
[149397400.v2.pressablecdn.com/wp-content/plugins/elementor/assets/lib/share-link/share-link.min9e95.js]
[149397400.v2.pressablecdn.com/wp-content/plugins/elementor/assets/lib/dialog/dialog.mind227.js]
[149397400.v2.pressablecdn.com/wp-content/plugins/elementor/assets/js/frontend.min9e95.js]
[149397400.v2.pressablecdn.com/wp-content/plugins/elementor/assets/js/preloaded-modules.min9e95.js]
[secure.gaug.es/track.js]
[xion.progressionstudios.com/index.html]
[149397400.v2.pressablecdn.com/wp-content/cache/fvm/min/1667405651-css01f9812085c2572d49f054240bf2cab2ba6c437124db8a6f04535b452413c.css]
[149397400.v2.pressablecdn.com/wp-content/cache/fvm/min/1667405651-cssc262635f4184c2ea58c67c72d197b991db938f215109432ba6a90268de40e.css]
[149397400.v2.pressablecdn.com/wp-content/cache/fvm/min/1667405651-css25305ef2abc27e31621e4b9759bda83499478601c337327a73a4ae6494430.css]
[149397400.v2.pressablecdn.com/wp-content/cache/fvm/min/1667405651-css4b044280b52648d7e0d37f8e8d4bfa45cd6b77bf08930999d8c4f8bff9242.css]
[149397400.v2.pressablecdn.com/wp-content/cache/fvm/min/1667405651-css582b037251c835c018228e981164aeee4c71622d5bf05b65cb7a52b22cab4.css]
[149397400.v2.pressablecdn.com/wp-content/cache/fvm/min/1667405651-css06c8f724dbd5e66daebc8e0b7c6ab1dd9db7d14d1e93b155912561759cf35.css]
[149397400.v2.pressablecdn.com/wp-content/cache/fvm/min/1667405651-cssf5e7d6b59b40b3d79a93c2d222b184ce8aa799b606b71f9cc69021175362f.css]
[149397400.v2.pressablecdn.com/wp-content/cache/fvm/min/1667405651-css1083659eb446c1ba8fc0fb939f600fe3bef44f97d4825a08c2b420e79a779.css]
[149397400.v2.pressablecdn.com/wp-content/plugins/wp-user-avatar/assets/images/frontend/arrow-down.png]
[149397400.v2.pressablecdn.com/wp-content/cache/fvm/min/1667405651-css13860e0addb4b2c2a81d302845db305893d4ab28b713933e4a65bc3e55077.css]
[149397400.v2.pressablecdn.com/wp-content/cache/fvm/min/1667405651-css8cc8c95caea4c4f20f26bbdb09fe6aa5d4e6988245f0a202aac2e47ecec58.css]
[149397400.v2.pressablecdn.com/wp-content/cache/fvm/min/1667405651-css139e979bbaaba7687f6a85e4ec924927cf2dcd881e1875178ba8ace5a34db.css]
[149397400.v2.pressablecdn.com/wp-content/cache/fvm/min/1667405651-cssa9f38674cc1afc9ba582cda8d3ff6be0d3d3790abb9024de8cf3072ba9335.css]
[149397400.v2.pressablecdn.com/wp-content/themes/xion-progression/images/search-magnify-light.png]
[149397400.v2.pressablecdn.com/wp-content/themes/xion-progression/images/search-magnify-light@2x.png]
[149397400.v2.pressablecdn.com/wp-content/themes/xion-progression/images/search-magnify.png]
[149397400.v2.pressablecdn.com/wp-content/themes/xion-progression/images/search-magnify@2x.png]
[149397400.v2.pressablecdn.com/wp-content/themes/xion-progression/images/select-arrow.png]
[149397400.v2.pressablecdn.com/wp-content/themes/xion-progression/images/select-arrow@2x.png]
[149397400.v2.pressablecdn.com/wp-content/cache/fvm/min/1667405651-cssd4eb8a650e33bb7c2dd0e50f288246521a26b9838f7675e0a1169acce7195.css]
[149397400.v2.pressablecdn.com/wp-content/cache/fvm/min/1667405651-css9515bb946defc30dcb0b4675d944aea60affc5169ae916b1f276e72a60973.css]
[149397400.v2.pressablecdn.com/wp-content/cache/fvm/min/1667405651-cssb6bd3ecaeb141d8d7486551e32b7880708d43e0813e4814d66ef73ee2e3e5.css]
[149397400.v2.pressablecdn.com/wp-content/cache/fvm/min/1667405651-cssa27d4c60add1b9948fea6e614b640da50fffa9f685f946ecd5a826a314ef8.css]
[149397400.v2.pressablecdn.com/wp-content/cache/fvm/min/1667405651-css581b6b5ab9cb8edd55d6c08a5836a4501ad99d48f6a692259b2bcfbb1b6e4.css]
[149397400.v2.pressablecdn.com/wp-content/cache/fvm/min/1667405651-css42561299928f8401f320564d5314f16d434f8e8b7915db017cdd648af4273.css]
[149397400.v2.pressablecdn.com/wp-content/cache/fvm/min/1667405651-css8781ff89a5b3a44c4d5a50d56cf8f2254a43dd9cdde22d9be747fe24f7ec0.css]
[149397400.v2.pressablecdn.com/wp-content/cache/fvm/min/1667405651-csscc44f3813f507f77780056acfdd5b95dec79d19cf5f9d55b0c36e15032b10.css]
[149397400.v2.pressablecdn.com/wp-content/uploads/2020/01/slide-1.jpg]
[149397400.v2.pressablecdn.com/wp-content/uploads/2020/01/slide-2.jpg]
[149397400.v2.pressablecdn.com/wp-content/uploads/2020/01/home-bg.jpg]
[149397400.v2.pressablecdn.com/wp-content/cache/fvm/min/1667405651-css49bb7af9dd1802cab76dcc9408e7661b36284c628efeb9adb9538f77f7d62.css]
[149397400.v2.pressablecdn.com/wp-content/plugins/boosted-elements-progression/assets/images/fotorama.png]
[149397400.v2.pressablecdn.com/wp-content/plugins/boosted-elements-progression/assets/images/fotorama@2x.png]
[149397400.v2.pressablecdn.com/wp-content/cache/fvm/min/1667405651-css6f1605f46443fd2f81045b07e975e05d7595bcc1f68bc6a50778e86d1aecd.css]
[149397400.v2.pressablecdn.com/wp-content/cache/fvm/min/1667405651-csse638ac4385e0d80e439dd0fdc2814b7784c14b868573b8d73ff32e6021c21.css]
[149397400.v2.pressablecdn.com/wp-content/cache/fvm/min/1667405651-cssc0ede24310f0d6bace906c210bf2f2e0eb518ae7a8b55dcc93e1b11748288.css]
[149397400.v2.pressablecdn.com/wp-content/cache/fvm/min/1667405651-css665717989b2071990af7cccd2fdcadc92e3098b59c3c5a23a0db23d48c00d.css]
[149397400.v2.pressablecdn.com/wp-content/cache/fvm/min/1667405651-css2f716854d27b62b232eafe5afd0869a137c16e32e39340a9c5bb6541ec5f0.css]
[149397400.v2.pressablecdn.com/wp-content/cache/fvm/min/1667405651-csscd60e97e3941c1172753a652e2099504523b42af0caf4384fd9ba5ef1e79f.css]
[149397400.v2.pressablecdn.com/wp-content/cache/fvm/min/1667405651-css26ea3141126332fa3838930ef80a467772447d99ef851eaf5d446d53a419c.css]
[149397400.v2.pressablecdn.com/wp-content/cache/fvm/min/1667405651-css186048a6b475e745059ffeb36c8b2067a163c534f38d9e356cbcb19bb5a30.css]
[149397400.v2.pressablecdn.com/wp-content/cache/fvm/min/1667405651-cssaf04a91b1dd903ab6d67a455a1ee434dcd5e5abd7d21de4c3f908a85c432d.css]
[xion.progressionstudios.com/our-games/index.html]
[149397400.v2.pressablecdn.com/wp-content/cache/fvm/min/1667405651-css31d35f2942bebcde4e82bf16808bc1145b12813d5bc37d9d1fc321bf624f3.css]
[149397400.v2.pressablecdn.com/wp-content/cache/fvm/min/1667405651-css908f1de46add034273f93559beb979fb16168a774b8115a30eb6b5b575dd7.css]
[149397400.v2.pressablecdn.com/wp-content/uploads/2020/01/page-title-studio.jpg]
[149397400.v2.pressablecdn.com/wp-content/uploads/2020/01/our-studio-left.jpg]
[xion.progressionstudios.com/our-games/page/2/index.html]
[149397400.v2.pressablecdn.com/wp-content/uploads/2020/01/our-studio-right.jpg]
[149397400.v2.pressablecdn.com/wp-content/uploads/2020/01/team-1.jpg]
[149397400.v2.pressablecdn.com/wp-content/uploads/2020/01/team-2.jpg]
[149397400.v2.pressablecdn.com/wp-content/uploads/2020/01/team-3.jpg]
[149397400.v2.pressablecdn.com/wp-content/uploads/2020/01/team-4.jpg]
[149397400.v2.pressablecdn.com/wp-content/uploads/2020/01/team-5.jpg]
[149397400.v2.pressablecdn.com/wp-content/uploads/2020/01/team-6.jpg]
[xion.progressionstudios.com/our-studio/index.html]
[149397400.v2.pressablecdn.com/wp-content/cache/fvm/min/1667405651-csse7ab4585764a3069dd35ba9ee0baf3610c1fd9b76da565137ef318665472c.css]
[149397400.v2.pressablecdn.com/wp-content/uploads/2020/01/product-grey-sweater-400x500.jpg]
[149397400.v2.pressablecdn.com/wp-content/uploads/2020/01/black-shaw-400x500.jpg]
[xion.progressionstudios.com/shop/feed/index.html]
[149397400.v2.pressablecdn.com/wp-content/uploads/2020/01/black-shirt-400x500.jpg]
[149397400.v2.pressablecdn.com/wp-content/uploads/2020/01/stargazer-product-400x500.jpg]
[149397400.v2.pressablecdn.com/wp-content/uploads/2020/01/necklace-400x500.jpg]
[xion.progressionstudios.com/product/grey-hoodie/index.html]
[xion.progressionstudios.com/product-category/apparel/index.html]
[149397400.v2.pressablecdn.com/wp-content/uploads/2020/01/greypolo-1-400x500.jpg]
[xion.progressionstudios.com/shop/index.html]
[xion.progressionstudios.com/shop/indexd685.html]
[xion.progressionstudios.com/product/black-shaw/index.html]
[xion.progressionstudios.com/shop/index274e.html]
[xion.progressionstudios.com/product/black-shirt/index.html]
[xion.progressionstudios.com/shop/indexcfd5.html]
[xion.progressionstudios.com/product/video-game/index.html]
[149397400.v2.pressablecdn.com/wp-content/cache/fvm/min/1667405651-cssbeca3f55cc0c9cd51de25b11fd3a9c020133c11c01aefb7e60c03b323a79b.css]
[xion.progressionstudios.com/home-v2/index.html]
[xion.progressionstudios.com/product-category/software/index.html]
[xion.progressionstudios.com/shop/index6f32.html]
[xion.progressionstudios.com/product/green-necklace/index.html]
[xion.progressionstudios.com/product-category/jewelry/index.html]
[xion.progressionstudios.com/shop/indexe526.html]
[xion.progressionstudios.com/product/xion-polo-tee/index.html]
[149397400.v2.pressablecdn.com/wp-includes/css/dist/block-library/style.min3781.css]
[xion.progressionstudios.com/shop/indexb6f2.html]
[xion.progressionstudios.com/home-v2/page/2/index.html]
[149397400.v2.pressablecdn.com/wp-content/plugins/woocommerce/packages/woocommerce-blocks/build/wc-blocks-vendors-style8833.css]
[149397400.v2.pressablecdn.com/wp-content/plugins/woocommerce/packages/woocommerce-blocks/build/wc-blocks-style8833.css]
[149397400.v2.pressablecdn.com/wp-content/plugins/contact-form-7/includes/css/styles77e1.css]
[149397400.v2.pressablecdn.com/wp-content/plugins/woocommerce/assets/css/select2f0a0.css]
[149397400.v2.pressablecdn.com/wp-content/plugins/woocommerce/assets/css/woocommerce-layoutf0a0.css]
[149397400.v2.pressablecdn.com/wp-content/plugins/woocommerce/assets/css/woocommerce-smallscreenf0a0.css]
[149397400.v2.pressablecdn.com/wp-content/plugins/woocommerce/assets/css/woocommercef0a0.css]
[149397400.v2.pressablecdn.com/wp-content/plugins/wp-user-avatar/assets/css/frontend.min5b31.css]
[149397400.v2.pressablecdn.com/wp-content/plugins/wp-user-avatar/assets/flatpickr/flatpickr.min5b31.css]
[149397400.v2.pressablecdn.com/wp-content/plugins/wp-user-avatar/assets/select2/select2.min3781.css]
[149397400.v2.pressablecdn.com/wp-content/plugins/woocommerce-gateway-paypal-express-checkout/assets/css/wc-gateway-ppec-frontend4c71.css]
[149397400.v2.pressablecdn.com/wp-content/themes/xion-progression/style3781.css]
[149397400.v2.pressablecdn.com/wp-content/themes/xion-progression/inc/fonts/font-awesome/css/font-awesome-58a54.css]
[149397400.v2.pressablecdn.com/wp-content/themes/xion-progression/css/progression_studios_custom_styles3781.css]
[149397400.v2.pressablecdn.com/wp-content/plugins/boosted-elements-progression/assets/css/frontend.min3781.css]
[xion.progressionstudios.com/wp-json/wp/v2/pages/8.json]
[xion.progressionstudios.com/wp-json/index.html]
[xion.progressionstudios.com/xmlrpc0db0.php]
[xion.progressionstudios.com/wp-includes/wlwmanifest.xml]
[xion.progressionstudios.com/wp-json/oembed/1.0/embed4366.json]
[xion.progressionstudios.com/wp-json/oembed/1.0/embed4328]
[149397400.v2.pressablecdn.com/wp-content/plugins/elementor/assets/css/frontend-legacy.min9e95.css]
[149397400.v2.pressablecdn.com/wp-content/plugins/elementor/assets/css/frontend.min9e95.css]
[149397400.v2.pressablecdn.com/wp-content/uploads/elementor/css/post-348bb0.css]
[149397400.v2.pressablecdn.com/wp-content/plugins/elementor/assets/lib/eicons/css/elementor-icons.min91ce.css]
[xion.progressionstudios.com/my-account/lost-password/index.html]
[xion.progressionstudios.com/index3b72.html]
[149397400.v2.pressablecdn.com/wp-content/uploads/elementor/css/post-2508bb0.css]
[149397400.v2.pressablecdn.com/wp-content/plugins/elementor/assets/lib/animations/animations.min9e95.css]
[149397400.v2.pressablecdn.com/wp-content/plugins/elementor/assets/lib/font-awesome/css/fontawesome.min52d5.css]
[149397400.v2.pressablecdn.com/wp-content/plugins/elementor/assets/lib/font-awesome/css/brands.min52d5.css]
[149397400.v2.pressablecdn.com/wp-content/plugins/elementor/assets/lib/font-awesome/css/solid.min52d5.css]
[xion.progressionstudios.com/my-account/index.html]
[149397400.v2.pressablecdn.com/wp-content/plugins/woocommerce/assets/js/selectWoo/selectWoo.full.min5dbc.js]
[149397400.v2.pressablecdn.com/wp-content/cache/fvm/min/1667405651-css4edeb60b2a20d3893d7f9d88ea5041db64cb38338552d3773be0002eec4cf.css]
[149397400.v2.pressablecdn.com/wp-content/plugins/woocommerce/assets/js/frontend/country-select.minf0a0.js]
[149397400.v2.pressablecdn.com/wp-content/plugins/woocommerce/assets/js/frontend/address-i18n.minf0a0.js]
[xion.progressionstudios.com/cart/index.html]
[xion.progressionstudios.com/checkout/index.html]
[149397400.v2.pressablecdn.com/wp-content/plugins/woocommerce/assets/js/frontend/cart.minf0a0.js]
[149397400.v2.pressablecdn.com/wp-content/uploads/2020/01/star-gazer-900x500.jpg]
[149397400.v2.pressablecdn.com/wp-content/uploads/2020/01/avatar-300x300-150x150-1.jpg]
[xion.progressionstudios.com/2020/01/23/building-games-for-multiple-devices/index.html]
[149397400.v2.pressablecdn.com/wp-content/uploads/2020/01/fredrick-tendong-6ou8gWpS9ns-unsplash-900x500.jpg]
[xion.progressionstudios.com/category/gaming/index.html]
[149397400.v2.pressablecdn.com/wp-content/uploads/2020/01/sergey-nikolaev-w9hXuaV6gvs-unsplash-900x500.jpg]
[xion.progressionstudios.com/author/xion/index.html]
[xion.progressionstudios.com/2019/12/06/real-time-design-tools/index.html]
[xion.progressionstudios.com/blog/index.html]
[xion.progressionstudios.com/2019/11/16/we-make-beautiful-things/index.html]
[xion.progressionstudios.com/blog/page/2/index.html]
[xion.progressionstudios.com/2019/10/13/hello-world/index.html]
[xion.progressionstudios.com/2019/12/index.html]
[149397400.v2.pressablecdn.com/wp-content/cache/fvm/min/1667405651-css6b73a729876a02be61ff62b225b68b50acad4f0c91c8b383603f2b6f46af6.css]
[xion.progressionstudios.com/2020/01/index.html]
[xion.progressionstudios.com/2019/10/index.html]
[xion.progressionstudios.com/2019/11/index.html]
[149397400.v2.pressablecdn.com/wp-content/cache/fvm/min/1667405651-css58119c2a631b23b2acd49fba83b2e1983dcbc30d3260b3f6050d93a795729.css]
[149397400.v2.pressablecdn.com/wp-content/cache/fvm/min/1667405651-css52f1bf14c0234e0876b22738a541658e7d165a6822ee7f6f1cb56a9971377.css]
[149397400.v2.pressablecdn.com/wp-content/uploads/2020/01/page-title-contact.jpg]
[xion.progressionstudios.com/contact/index.html]
[149397400.v2.pressablecdn.com/wp-content/plugins/akismet/_inc/akismet-frontend079d.js]
[149397400.v2.pressablecdn.com/wp-content/cache/fvm/min/1667405651-cssf9c76a7465561b4e2ad8bd5c3fe85ab89517acb45e2fcb53360eccd604a66.css]
[149397400.v2.pressablecdn.com/wp-content/cache/fvm/min/1667405651-css2523631f6a7d9c2e174a9f91e58fc62db8a7d51c1f8a946de37cb4bfc170c.css]
[149397400.v2.pressablecdn.com/wp-content/uploads/2020/01/hizir-kaya-0q90Mumo-xE-unsplash-1-1400x500.jpg]
[149397400.v2.pressablecdn.com/wp-content/uploads/2020/01/blog-post.jpg]
[149397400.v2.pressablecdn.com/wp-content/uploads/2020/01/fredrick-tendong-6ou8gWpS9ns-unsplash-800x500.jpg]
[149397400.v2.pressablecdn.com/wp-content/uploads/2020/01/mohamed-nohassi-UKX_DwNKXSA-unsplash-800x500.jpg]
[xion.progressionstudios.com/title/rainbow-seven/index.html]
[149397400.v2.pressablecdn.com/wp-content/themes/xion-progression/js/isotope11a8.js]
[xion.progressionstudios.com/portfolio-category/fps/index.html]
[149397400.v2.pressablecdn.com/wp-content/themes/xion-progression/js/infinite-scroll11a8.js]
[xion.progressionstudios.com/portfolio-category/fps/feed/index.html]
[xion.progressionstudios.com/portfolio-category/fps/page/2/index.html]
[149397400.v2.pressablecdn.com/wp-content/cache/fvm/min/1667405651-css42cf01ab6e613691f35631dee86df0ccda4cc613c12990c5e4736f2871a42.css]
[149397400.v2.pressablecdn.com/wp-content/uploads/2020/01/spencer-davis-hHgg0Xcwodc-unsplash-1400x500.jpg]
[149397400.v2.pressablecdn.com/wp-content/uploads/2020/01/spacex-p-KCm6xB9I-unsplash-800x500.jpg]
[xion.progressionstudios.com/title/racing-series-3/index.html]
[xion.progressionstudios.com/portfolio-category/adventure/index.html]
[xion.progressionstudios.com/portfolio-category/adventure/feed/index.html]
[xion.progressionstudios.com/title/stellar-galactic/index.html]
[149397400.v2.pressablecdn.com/wp-content/cache/fvm/min/1667405651-cssb7212bf816288cb23686ff85c6699f10b7531ef56a867c61169ece7c6aae6.css]
[xion.progressionstudios.com/portfolio-category/adventure/page/2/index.html]
[149397400.v2.pressablecdn.com/wp-content/uploads/2020/01/star-gazer-1400x500.jpg]
[xion.progressionstudios.com/title/stargazer-ii/index.html]
[149397400.v2.pressablecdn.com/wp-content/cache/fvm/min/1667405651-cssb646f58fc886370d5573a5c9f01f9e3b1930f07e7a1d8d3e2716138baefea.css]
[149397400.v2.pressablecdn.com/wp-content/uploads/2020/01/sergey-nikolaev-w9hXuaV6gvs-unsplash-1400x500.jpg]
[xion.progressionstudios.com/title/lost-ark/index.html]
[149397400.v2.pressablecdn.com/wp-content/cache/fvm/min/1667405651-css18f9ef8e561372147b01702528da779fba6e62ecc0d21fd6d23dd6eb86403.css]
[149397400.v2.pressablecdn.com/wp-content/uploads/2020/01/arun-clarke-UDEb05r0Uy8-unsplash-1400x500.jpg]
[xion.progressionstudios.com/title/jungle-pharaoh/index.html]
[xion.progressionstudios.com/portfolio-category/platformer/index.html]
[149397400.v2.pressablecdn.com/wp-content/cache/fvm/min/1667405651-cssf46fc92adad8aefce159ae31957ebb1700c0d3daa7edfddf61539a384fefc.css]
[xion.progressionstudios.com/portfolio-category/platformer/feed/index.html]
[149397400.v2.pressablecdn.com/wp-content/uploads/2020/01/rodrigo-rodriguez-x7bbQIY6H04-unsplash-1400x500.jpg]
[xion.progressionstudios.com/title/world-war-v/index.html]
[xion.progressionstudios.com/portfolio-category/rpg/index.html]
[xion.progressionstudios.com/page/2/index.html]
[xion.progressionstudios.com/portfolio-category/rpg/feed/index.html]
[149397400.v2.pressablecdn.com/wp-content/cache/fvm/min/1667405651-css0fc7e4627b1d6d639efa94514c38eb8505fe7ab4a39b50e268b74731c7a4c.css]
[149397400.v2.pressablecdn.com/wp-content/uploads/2020/01/mohamed-nohassi-UKX_DwNKXSA-unsplash-1400x500.jpg]
[xion.progressionstudios.com/title/jim-brimstone/index.html]
[xion.progressionstudios.com/2/index.html]
[149397400.v2.pressablecdn.com/wp-content/cache/fvm/min/1667405651-cssd626044f0cb063a09e5c67c5ece2bf282afa99042f43ae8ce5913c341aad1.css]
[149397400.v2.pressablecdn.com/wp-content/uploads/2020/01/fredrick-tendong-6ou8gWpS9ns-unsplash-1400x500.jpg]
[xion.progressionstudios.com/title/rogue-shooter/index.html]
[xion.progressionstudios.com/shopping-cart/index.html]
[149397400.v2.pressablecdn.com/wp-content/cache/fvm/min/1667405651-css186048a6b475e745059ffeb36c8b2067a163c534f38d9e356cbcb19bb5a30.css]
[149397400.v2.pressablecdn.com/wp-content/cache/fvm/min/1667405651-cssaf04a91b1dd903ab6d67a455a1ee434dcd5e5abd7d21de4c3f908a85c432d.css]
[149397400.v2.pressablecdn.com/wp-content/cache/fvm/min/1667405651-css31d35f2942bebcde4e82bf16808bc1145b12813d5bc37d9d1fc321bf624f3.css]
[xion.progressionstudios.com/our-games/page/2/index.html]
[149397400.v2.pressablecdn.com/wp-content/uploads/2020/01/studio-bg.jpg]
[149397400.v2.pressablecdn.com/wp-content/cache/fvm/min/1667405651-css908f1de46add034273f93559beb979fb16168a774b8115a30eb6b5b575dd7.css]
[149397400.v2.pressablecdn.com/wp-content/cache/fvm/min/1667405651-csse7ab4585764a3069dd35ba9ee0baf3610c1fd9b76da565137ef318665472c.css]
[149397400.v2.pressablecdn.com/wp-content/uploads/2020/01/product-grey-sweater.jpg]
[149397400.v2.pressablecdn.com/wp-content/plugins/woocommerce/assets/js/flexslider/jquery.flexslider.min593d.js]
[xion.progressionstudios.com/product/grey-hoodie/feed/index.html]
[149397400.v2.pressablecdn.com/wp-content/plugins/woocommerce/assets/js/frontend/single-product.minf0a0.js]
[xion.progressionstudios.com/product/grey-hoodie/indexcfd5.html]
[xion.progressionstudios.com/product/grey-hoodie/index.html]
[xion.progressionstudios.com/product-category/apparel/index.html]
[149397400.v2.pressablecdn.com/wp-includes/js/comment-reply.min3781.js]
[xion.progressionstudios.com/product-category/apparel/feed/index.html]
[xion.progressionstudios.com/product/grey-hoodie/index274e.html]
[xion.progressionstudios.com/product/grey-hoodie/indexb6f2.html]
[xion.progressionstudios.com/product-category/apparel/index274e.html]
[xion.progressionstudios.com/product-category/apparel/indexd685.html]
[xion.progressionstudios.com/product-category/apparel/indexcfd5.html]
[149397400.v2.pressablecdn.com/wp-content/plugins/woocommerce/packages/woocommerce-blocks/build/cart-frontend6d71.js]
[xion.progressionstudios.com/product-category/apparel/indexb6f2.html]
[149397400.v2.pressablecdn.com/wp-includes/js/dist/vendor/lodash.minf492.js]
[149397400.v2.pressablecdn.com/wp-includes/js/dist/vendor/react.min7a3b.js]
[149397400.v2.pressablecdn.com/wp-includes/js/dist/vendor/wp-polyfill.min2c7c.js]
[149397400.v2.pressablecdn.com/wp-includes/js/dist/vendor/wp-polyfill-inert.min0226.js]
[149397400.v2.pressablecdn.com/wp-includes/js/dist/vendor/regenerator-runtime.min8fa4.js]
[149397400.v2.pressablecdn.com/wp-content/plugins/woocommerce/packages/woocommerce-blocks/build/blocks-checkout2588.js]
[149397400.v2.pressablecdn.com/wp-content/plugins/woocommerce/packages/woocommerce-blocks/build/wc-blocks-registrya902.js]
[149397400.v2.pressablecdn.com/wp-includes/js/dist/deprecated.min654f.js]
[149397400.v2.pressablecdn.com/wp-includes/js/dist/hooks.min6c65.js]
[149397400.v2.pressablecdn.com/wp-includes/js/dist/element.mind52e.js]
[149397400.v2.pressablecdn.com/wp-includes/js/dist/vendor/react-dom.min7a3b.js]
[149397400.v2.pressablecdn.com/wp-includes/js/dist/escape-html.min0311.js]
[149397400.v2.pressablecdn.com/wp-content/plugins/woocommerce/packages/woocommerce-blocks/build/wc-settingse972.js]
[149397400.v2.pressablecdn.com/wp-includes/js/dist/i18n.mine57b.js]
[149397400.v2.pressablecdn.com/wp-includes/js/dist/api-fetch.min0e58.js]
[149397400.v2.pressablecdn.com/wp-includes/js/dist/url.min2d0c.js]
[149397400.v2.pressablecdn.com/wp-includes/js/dist/compose.minb536.js]
[149397400.v2.pressablecdn.com/wp-includes/js/dist/dom.mind090.js]
[149397400.v2.pressablecdn.com/wp-includes/js/dist/is-shallow-equal.mincc0f.js]
[149397400.v2.pressablecdn.com/wp-includes/js/dist/keycodes.min4ff5.js]
[149397400.v2.pressablecdn.com/wp-includes/js/dist/priority-queue.mind972.js]
[149397400.v2.pressablecdn.com/wp-includes/js/dist/data.min4769.js]
[149397400.v2.pressablecdn.com/wp-includes/js/dist/private-apis.mindeff.js]
[149397400.v2.pressablecdn.com/wp-includes/js/dist/redux-routine.minc83e.js]
[149397400.v2.pressablecdn.com/wp-includes/js/dist/primitives.minda39.js]
[149397400.v2.pressablecdn.com/wp-includes/js/dist/warning.min5558.js]
[149397400.v2.pressablecdn.com/wp-content/plugins/woocommerce/packages/woocommerce-blocks/build/wc-blocks-data740f.js]
[149397400.v2.pressablecdn.com/wp-includes/js/dist/data-controls.min8399.js]
[149397400.v2.pressablecdn.com/wp-includes/js/dist/html-entities.min68f0.js]
[149397400.v2.pressablecdn.com/wp-includes/js/dist/notices.minb2dc.js]
[149397400.v2.pressablecdn.com/wp-content/plugins/woocommerce/packages/woocommerce-blocks/build/wc-blocks-middleware72cc.js]
[149397400.v2.pressablecdn.com/wp-content/plugins/woocommerce/packages/woocommerce-blocks/build/wc-blocks-shared-hocs751f.js]
[149397400.v2.pressablecdn.com/wp-content/plugins/woocommerce/packages/woocommerce-blocks/build/wc-blocks-shared-contextbce4.js]
[149397400.v2.pressablecdn.com/wp-content/plugins/woocommerce/packages/woocommerce-blocks/build/price-format4a75.js]
[149397400.v2.pressablecdn.com/wp-includes/js/dist/a11y.min65c7.js]
[149397400.v2.pressablecdn.com/wp-includes/js/dist/dom-ready.minded6.js]
[149397400.v2.pressablecdn.com/wp-includes/js/dist/autop.mincea0.js]
[149397400.v2.pressablecdn.com/wp-includes/js/dist/plugins.minfbc0.js]
[149397400.v2.pressablecdn.com/wp-includes/js/dist/wordcount.min633e.js]
[xion.progressionstudios.com/shop/indexd685.html]
[149397400.v2.pressablecdn.com/wp-content/plugins/woocommerce/packages/woocommerce-blocks/build/checkout-frontend4d4c.js]
[149397400.v2.pressablecdn.com/wp-content/uploads/2020/01/black-shaw.jpg]
[xion.progressionstudios.com/product/black-shaw/index.html]
[xion.progressionstudios.com/shop/index274e.html]
[xion.progressionstudios.com/product/black-shaw/indexb6f2.html]
[xion.progressionstudios.com/product/black-shaw/indexcfd5.html]
[xion.progressionstudios.com/product/black-shaw/indexd685.html]
[xion.progressionstudios.com/product/black-shaw/feed/index.html]
[xion.progressionstudios.com/product/black-shirt/feed/index.html]
[149397400.v2.pressablecdn.com/wp-content/uploads/2020/01/black-shirt.jpg]
[xion.progressionstudios.com/product/black-shirt/index.html]
[xion.progressionstudios.com/shop/indexcfd5.html]
[xion.progressionstudios.com/product/black-shirt/indexd685.html]
[xion.progressionstudios.com/product/black-shirt/indexb6f2.html]
[xion.progressionstudios.com/product/black-shirt/index274e.html]
[149397400.v2.pressablecdn.com/wp-content/uploads/2020/01/stargazer-product.jpg]
[xion.progressionstudios.com/product/video-game/index.html]
[xion.progressionstudios.com/product-category/software/index.html]
[xion.progressionstudios.com/product-category/software/feed/index.html]
[xion.progressionstudios.com/shop/index6f32.html]
[xion.progressionstudios.com/product-category/software/index6f32.html]
[xion.progressionstudios.com/product/video-game/feed/index.html]
[149397400.v2.pressablecdn.com/wp-content/uploads/2020/01/necklace.jpg]
[xion.progressionstudios.com/product/green-necklace/index.html]
[xion.progressionstudios.com/product-category/jewelry/index.html]
[xion.progressionstudios.com/product-category/jewelry/feed/index.html]
[xion.progressionstudios.com/shop/indexe526.html]
[xion.progressionstudios.com/product-category/jewelry/indexe526.html]
[xion.progressionstudios.com/product/green-necklace/feed/index.html]
[149397400.v2.pressablecdn.com/wp-content/uploads/2020/01/greypolo-1.jpg]
[xion.progressionstudios.com/product/xion-polo-tee/index.html]
[xion.progressionstudios.com/shop/indexb6f2.html]
[xion.progressionstudios.com/product/xion-polo-tee/indexd685.html]
[xion.progressionstudios.com/product/xion-polo-tee/indexcfd5.html]
[xion.progressionstudios.com/product/xion-polo-tee/index274e.html]
[xion.progressionstudios.com/product/xion-polo-tee/feed/index.html]
[149397400.v2.pressablecdn.com/wp-content/uploads/2020/01/slide-1-1.jpg]
[149397400.v2.pressablecdn.com/wp-content/cache/fvm/min/1667405651-cssbeca3f55cc0c9cd51de25b11fd3a9c020133c11c01aefb7e60c03b323a79b.css]
[xion.progressionstudios.com/home-v2/page/2/index.html]
[149397400.v2.pressablecdn.com/wp-includes/css/dist/block-library/style.min3781.css]
[149397400.v2.pressablecdn.com/wp-content/plugins/woocommerce/packages/woocommerce-blocks/build/wc-blocks-vendors-style8833.css]
[149397400.v2.pressablecdn.com/wp-content/plugins/woocommerce/packages/woocommerce-blocks/build/wc-blocks-style8833.css]
[149397400.v2.pressablecdn.com/wp-includes/css/classic-themes.min3781.css]
[149397400.v2.pressablecdn.com/wp-content/plugins/contact-form-7/includes/css/styles77e1.css]
[149397400.v2.pressablecdn.com/wp-content/plugins/woocommerce/assets/css/select2f0a0.css]
[149397400.v2.pressablecdn.com/wp-content/plugins/woocommerce/assets/css/woocommerce-layoutf0a0.css]
[149397400.v2.pressablecdn.com/wp-content/plugins/woocommerce/assets/css/woocommerce-smallscreenf0a0.css]
[149397400.v2.pressablecdn.com/wp-content/plugins/woocommerce/assets/css/woocommercef0a0.css]
[149397400.v2.pressablecdn.com/wp-content/plugins/wp-user-avatar/assets/css/material-icons/MaterialIcons-Regular.woff2]
[149397400.v2.pressablecdn.com/wp-content/plugins/wp-user-avatar/assets/css/material-icons/MaterialIcons-Regular.woff]
[149397400.v2.pressablecdn.com/wp-content/plugins/wp-user-avatar/assets/css/frontend.min5b31.css]
[149397400.v2.pressablecdn.com/wp-content/plugins/wp-user-avatar/assets/flatpickr/flatpickr.min5b31.css]
[149397400.v2.pressablecdn.com/wp-content/plugins/wp-user-avatar/assets/select2/select2.min3781.css]
[149397400.v2.pressablecdn.com/wp-content/plugins/woocommerce-gateway-paypal-express-checkout/assets/css/wc-gateway-ppec-frontend4c71.css]
[149397400.v2.pressablecdn.com/wp-content/themes/xion-progression/inc/fonts/custom-icons/font/progression-custom-iconsba13.eot]
[149397400.v2.pressablecdn.com/wp-content/themes/xion-progression/inc/fonts/custom-icons/font/progression-custom-iconsba13.woff2]
[149397400.v2.pressablecdn.com/wp-content/themes/xion-progression/inc/fonts/custom-icons/font/progression-custom-iconsba13.woff]
[149397400.v2.pressablecdn.com/wp-content/themes/xion-progression/inc/fonts/custom-icons/font/progression-custom-iconsba13.ttf]
[149397400.v2.pressablecdn.com/wp-content/themes/xion-progression/style3781.css]
[149397400.v2.pressablecdn.com/wp-content/themes/xion-progression/inc/fonts/font-awesome/css/font-awesome-58a54.css]
[149397400.v2.pressablecdn.com/wp-content/themes/xion-progression/css/progression_studios_custom_styles3781.css]
[149397400.v2.pressablecdn.com/wp-content/plugins/boosted-elements-progression/assets/css/frontend.min3781.css]
[xion.progressionstudios.com/index2df4.html]
[149397400.v2.pressablecdn.com/wp-content/themes/xion-progression/inc/fonts/custom-icons/font/progression-custom-iconsba13.svg]
[149397400.v2.pressablecdn.com/wp-includes/js/zxcvbn-async.min5152.js]
[149397400.v2.pressablecdn.com/wp-admin/js/password-strength-meter.min3781.js]
[149397400.v2.pressablecdn.com/wp-content/plugins/woocommerce/assets/js/frontend/password-strength-meter.minf0a0.js]
[149397400.v2.pressablecdn.com/wp-content/plugins/woocommerce/assets/js/frontend/lost-password.minf0a0.js]
[xion.progressionstudios.com/my-account/lost-password/index.html]
[xion.progressionstudios.com/index3b72.html]
[149397400.v2.pressablecdn.com/wp-content/plugins/elementor/assets/css/frontend-legacy.min9e95.css]
[149397400.v2.pressablecdn.com/wp-content/plugins/elementor/assets/css/frontend.min9e95.css]
[149397400.v2.pressablecdn.com/wp-content/uploads/elementor/css/post-348bb0.css]
[149397400.v2.pressablecdn.com/wp-content/plugins/elementor/assets/lib/eicons/css/elementor-icons.min91ce.css]
[149397400.v2.pressablecdn.com/wp-content/uploads/elementor/css/post-2508bb0.css]
[149397400.v2.pressablecdn.com/wp-content/plugins/elementor/assets/lib/animations/animations.min9e95.css]
[149397400.v2.pressablecdn.com/wp-content/plugins/elementor/assets/lib/font-awesome/css/fontawesome.min52d5.css]
[149397400.v2.pressablecdn.com/wp-content/plugins/elementor/assets/lib/font-awesome/css/brands.min52d5.css]
[149397400.v2.pressablecdn.com/wp-content/plugins/elementor/assets/lib/font-awesome/css/solid.min52d5.css]
[149397400.v2.pressablecdn.com/wp-content/cache/fvm/min/1667405651-css4edeb60b2a20d3893d7f9d88ea5041db64cb38338552d3773be0002eec4cf.css]
[149397400.v2.pressablecdn.com/wp-content/uploads/2020/01/blog-image.jpg]
[149397400.v2.pressablecdn.com/wp-content/uploads/2020/01/avatar-300x300-150x150-1-100x100.jpg]
[xion.progressionstudios.com/2020/01/23/building-games-for-multiple-devices/index.html]
[xion.progressionstudios.com/category/gaming/index.html]
[xion.progressionstudios.com/author/xion/index.html]
[xion.progressionstudios.com/2020/01/23/building-games-for-multiple-devices/feed/index.html]
[xion.progressionstudios.com/2019/12/06/real-time-design-tools/index.html]
[xion.progressionstudios.com/category/gaming/feed/index.html]
[xion.progressionstudios.com/author/xion/feed/index.html]
[xion.progressionstudios.com/2019/11/16/we-make-beautiful-things/index.html]
[xion.progressionstudios.com/2020/01/23/building-games-for-multiple-devices/indexa858.html]
[xion.progressionstudios.com/author/xion/page/2/index.html]
[xion.progressionstudios.com/blog/page/2/index.html]
[xion.progressionstudios.com/2019/12/06/real-time-design-tools/feed/index.html]
[xion.progressionstudios.com/2019/11/16/we-make-beautiful-things/feed/index.html]
[xion.progressionstudios.com/2019/10/13/hello-world/index.html]
[xion.progressionstudios.com/2019/12/06/real-time-design-tools/index04d3.html]
[xion.progressionstudios.com/2019/11/16/we-make-beautiful-things/indexfa40.html]
[xion.progressionstudios.com/2019/10/13/hello-world/feed/index.html]
[xion.progressionstudios.com/2020/01/index.html]
[xion.progressionstudios.com/2019/12/index.html]
[xion.progressionstudios.com/2019/11/index.html]
[xion.progressionstudios.com/2019/10/index.html]
[149397400.v2.pressablecdn.com/wp-content/cache/fvm/min/1667405651-css6b73a729876a02be61ff62b225b68b50acad4f0c91c8b383603f2b6f46af6.css]
[149397400.v2.pressablecdn.com/wp-content/cache/fvm/min/1667405651-css58119c2a631b23b2acd49fba83b2e1983dcbc30d3260b3f6050d93a795729.css]
[149397400.v2.pressablecdn.com/wp-content/cache/fvm/min/1667405651-css52f1bf14c0234e0876b22738a541658e7d165a6822ee7f6f1cb56a9971377.css]
[149397400.v2.pressablecdn.com/wp-content/cache/fvm/min/1667405651-cssf9c76a7465561b4e2ad8bd5c3fe85ab89517acb45e2fcb53360eccd604a66.css]
[149397400.v2.pressablecdn.com/wp-content/cache/fvm/min/1667405651-css2523631f6a7d9c2e174a9f91e58fc62db8a7d51c1f8a946de37cb4bfc170c.css]
[xion.progressionstudios.com/portfolio-category/fps/page/2/index.html]
[xion.progressionstudios.com/category/uncategorized/index.html]
[149397400.v2.pressablecdn.com/wp-content/cache/fvm/min/1667405651-css42cf01ab6e613691f35631dee86df0ccda4cc613c12990c5e4736f2871a42.css]
[xion.progressionstudios.com/2019/10/13/hello-world/index6809.html]
[149397400.v2.pressablecdn.com/wp-content/cache/fvm/min/1667405651-cssce5ad672e25f459e185ce503419ef78c5e79fcaeeed007c949165b5ddd7d4.css]
[xion.progressionstudios.com/portfolio-category/fps/page/3/index.html]
[149397400.v2.pressablecdn.com/wp-content/uploads/2020/01/spacex-p-KCm6xB9I-unsplash-1400x500.jpg]
[xion.progressionstudios.com/title/stellar-galactic/index.html]
[xion.progressionstudios.com/portfolio-category/adventure/page/2/index.html]
[149397400.v2.pressablecdn.com/wp-content/cache/fvm/min/1667405651-cssb7212bf816288cb23686ff85c6699f10b7531ef56a867c61169ece7c6aae6.css]
[149397400.v2.pressablecdn.com/wp-content/cache/fvm/min/1667405651-cssb646f58fc886370d5573a5c9f01f9e3b1930f07e7a1d8d3e2716138baefea.css]
[149397400.v2.pressablecdn.com/wp-content/cache/fvm/min/1667405651-css18f9ef8e561372147b01702528da779fba6e62ecc0d21fd6d23dd6eb86403.css]
[149397400.v2.pressablecdn.com/wp-content/cache/fvm/min/1667405651-cssf46fc92adad8aefce159ae31957ebb1700c0d3daa7edfddf61539a384fefc.css]
[xion.progressionstudios.com/2/index.html]
[149397400.v2.pressablecdn.com/wp-content/cache/fvm/min/1667405651-css0fc7e4627b1d6d639efa94514c38eb8505fe7ab4a39b50e268b74731c7a4c.css]
[149397400.v2.pressablecdn.com/wp-content/cache/fvm/min/1667405651-cssd626044f0cb063a09e5c67c5ece2bf282afa99042f43ae8ce5913c341aad1.css]
[xion.progressionstudios.com/portfolio-category/adventure/page/3/index.html]
[xion.progressionstudios.com/wp-json/wp/v2/product/201.json]
[xion.progressionstudios.com/wp-json/oembed/1.0/embed74c5.json]
[xion.progressionstudios.com/product/grey-hoodie/indexcfd5.html]
[xion.progressionstudios.com/product/grey-hoodie/index274e.html]
[xion.progressionstudios.com/product/grey-hoodie/indexb6f2.html]
[xion.progressionstudios.com/wp-json/oembed/1.0/embed494a]
[xion.progressionstudios.com/product-category/apparel/indexd685.html]
[xion.progressionstudios.com/product-category/apparel/index274e.html]
[xion.progressionstudios.com/product-category/apparel/indexcfd5.html]
[xion.progressionstudios.com/product-category/apparel/indexb6f2.html]
[xion.progressionstudios.com/wp-json/wp/v2/product_cat/25.json]
[xion.progressionstudios.com/wp-json/wp/v2/product/205.json]
[xion.progressionstudios.com/wp-json/oembed/1.0/embed0a61.json]
[xion.progressionstudios.com/product/black-shaw/indexb6f2.html]
[xion.progressionstudios.com/product/black-shaw/indexcfd5.html]
[xion.progressionstudios.com/product/black-shaw/indexd685.html]
[xion.progressionstudios.com/wp-json/oembed/1.0/embed72b7]
[xion.progressionstudios.com/wp-json/wp/v2/product/203.json]
[xion.progressionstudios.com/wp-json/oembed/1.0/embed4dfa.json]
[xion.progressionstudios.com/product/black-shirt/index274e.html]
[xion.progressionstudios.com/product/black-shirt/indexd685.html]
[xion.progressionstudios.com/product/black-shirt/indexb6f2.html]
[xion.progressionstudios.com/wp-json/oembed/1.0/embed020c]
[xion.progressionstudios.com/product-category/software/index6f32.html]
[xion.progressionstudios.com/wp-json/wp/v2/product_cat/27.json]
[xion.progressionstudios.com/product-category/jewelry/indexe526.html]
[xion.progressionstudios.com/wp-json/wp/v2/product_cat/26.json]
[xion.progressionstudios.com/wp-json/wp/v2/product/189.json]
[xion.progressionstudios.com/wp-json/oembed/1.0/embed7236.json]
[xion.progressionstudios.com/product/xion-polo-tee/indexd685.html]
[xion.progressionstudios.com/product/xion-polo-tee/indexcfd5.html]
[xion.progressionstudios.com/product/xion-polo-tee/index274e.html]
[xion.progressionstudios.com/wp-json/oembed/1.0/embedda66]
[149397400.v2.pressablecdn.com/wp-content/themes/xion-progression/inc/fonts/custom-icons/font/progression-custom-iconsba13.svg]
[xion.progressionstudios.com/wp-json/wp/v2/posts/172.json]
[xion.progressionstudios.com/wp-json/oembed/1.0/embed0ae8.json]
[xion.progressionstudios.com/wp-json/oembed/1.0/embeded86]
[xion.progressionstudios.com/2020/01/23/building-games-for-multiple-devices/indexa858.html]
[xion.progressionstudios.com/author/xion/page/2/index.html]
[xion.progressionstudios.com/wp-json/wp/v2/posts/180.json]
[xion.progressionstudios.com/wp-json/oembed/1.0/embed934c.json]
[xion.progressionstudios.com/2019/12/06/real-time-design-tools/index04d3.html]
[xion.progressionstudios.com/wp-json/oembed/1.0/embed7e1d]
[xion.progressionstudios.com/wp-json/wp/v2/posts/183.json]
[xion.progressionstudios.com/wp-json/oembed/1.0/embed9285.json]
[xion.progressionstudios.com/2019/11/16/we-make-beautiful-things/indexfa40.html]
[xion.progressionstudios.com/category/uncategorized/index.html]
[xion.progressionstudios.com/blog/page/1/index.html]
[xion.progressionstudios.com/wp-json/oembed/1.0/embed2a54]
[xion.progressionstudios.com/category/uncategorized/feed/index.html]
[xion.progressionstudios.com/wp-json/wp/v2/posts/1.json]
[xion.progressionstudios.com/wp-json/oembed/1.0/embedf2d7.json]
[xion.progressionstudios.com/2019/10/13/hello-world/index6809.html]
[xion.progressionstudios.com/portfolio-category/fps/page/3/index.html]
[149397400.v2.pressablecdn.com/wp-content/cache/fvm/min/1667405651-cssce5ad672e25f459e185ce503419ef78c5e79fcaeeed007c949165b5ddd7d4.css]
[xion.progressionstudios.com/portfolio-category/adventure/page/3/index.html]
[xion.progressionstudios.com/index5721.html]
[xion.progressionstudios.com/indexc140.html]
[xion.progressionstudios.com/indexc39e.html]
[xion.progressionstudios.com/indexa80c.html]
[xion.progressionstudios.com/indexf4d1.html]
[xion.progressionstudios.com/xmlrpc.php]
[xion.progressionstudios.com/author/xion/page/1/index.html]
[xion.progressionstudios.com/index2586.html]
[xion.progressionstudios.com/indexe8f5.html]
[xion.progressionstudios.com/indexcff1.html]
[xion.progressionstudios.com/wp-json/oembed/1.0/embed51fe]
[xion.progressionstudios.com/portfolio-category/fps/page/4/index.html]
[xion.progressionstudios.com/portfolio-category/fps/page/4/index.html]
[xion.progressionstudios.com/portfolio-category/adventure/page/4/index.html]
[xion.progressionstudios.com/portfolio-category/adventure/page/4/index.html]
